TypeError: Cannot set property query of #<IncomingMessage> which has only a getter
    at <anonymous> (D:\GreenBean\backend\src\middleware\validate.ts:9:13)
    at Layer.handleRequest (D:\GreenBean\backend\node_modules\router\lib\layer.js:152:17)
    at next (D:\GreenBean\backend\node_modules\router\lib\route.js:157:13)
    at Route.dispatch (D:\GreenBean\backend\node_modules\router\lib\route.js:117:3)
    at handle (D:\GreenBean\backend\node_modules\router\index.js:435:11)
    at Layer.handleRequest (D:\GreenBean\backend\node_modules\router\lib\layer.js:152:17)
    at D:\GreenBean\backend\node_modules\router\index.js:295:15
    at processParams (D:\GreenBean\backend\node_modules\router\index.js:582:12)
    at next (D:\GreenBean\backend\node_modules\router\index.js:291:5)
    at router.handle (D:\GreenBean\backend\node_modules\router\index.js:186:3)
TypeError: Cannot set property query of #<IncomingMessage> which has only a getter
    at <anonymous> (D:\GreenBean\backend\src\middleware\validate.ts:9:13)
    at Layer.handleRequest (D:\GreenBean\backend\node_modules\router\lib\layer.js:152:17)
    at next (D:\GreenBean\backend\node_modules\router\lib\route.js:157:13)
    at requireAdmin (D:\GreenBean\backend\src\middleware\auth.ts:69:3)
    at Layer.handleRequest (D:\GreenBean\backend\node_modules\router\lib\layer.js:152:17)
    at next (D:\GreenBean\backend\node_modules\router\lib\route.js:157:13)
    at requireAuth (D:\GreenBean\backend\src\middleware\auth.ts:55:5)
    at Layer.handleRequest (D:\GreenBean\backend\node_modules\router\lib\layer.js:152:17)
    at next (D:\GreenBean\backend\node_modules\router\lib\route.js:157:13)
    at Route.dispatch (D:\GreenBean\backend\node_modules\router\lib\route.js:117:3)
TypeError: Cannot set property query of #<IncomingMessage> which has only a getter
    at <anonymous> (D:\GreenBean\backend\src\middleware\validate.ts:9:13)
    at Layer.handleRequest (D:\GreenBean\backend\node_modules\router\lib\layer.js:152:17)
    at next (D:\GreenBean\backend\node_modules\router\lib\route.js:157:13)
    at Route.dispatch (D:\GreenBean\backend\node_modules\router\lib\route.js:117:3)
    at handle (D:\GreenBean\backend\node_modules\router\index.js:435:11)
    at Layer.handleRequest (D:\GreenBean\backend\node_modules\router\lib\layer.js:152:17)
    at D:\GreenBean\backend\node_modules\router\index.js:295:15
    at processParams (D:\GreenBean\backend\node_modules\router\index.js:582:12)
    at next (D:\GreenBean\backend\node_modules\router\index.js:291:5)
    at router.handle (D:\GreenBean\backend\node_modules\router\index.js:186:3)
TypeError: Cannot set property query of #<IncomingMessage> which has only a getter
    at <anonymous> (D:\GreenBean\backend\src\middleware\validate.ts:9:13)
    at Layer.handleRequest (D:\GreenBean\backend\node_modules\router\lib\layer.js:152:17)
    at next (D:\GreenBean\backend\node_modules\router\lib\route.js:157:13)
    at Route.dispatch (D:\GreenBean\backend\node_modules\router\lib\route.js:117:3)
    at handle (D:\GreenBean\backend\node_modules\router\index.js:435:11)
    at Layer.handleRequest (D:\GreenBean\backend\node_modules\router\lib\layer.js:152:17)
    at D:\GreenBean\backend\node_modules\router\index.js:295:15
    at processParams (D:\GreenBean\backend\node_modules\router\index.js:582:12)
    at next (D:\GreenBean\backend\node_modules\router\index.js:291:5)
    at router.handle (D:\GreenBean\backend\node_modules\router\index.js:186:3)
TypeError: Cannot set property query of #<IncomingMessage> which has only a getter
    at <anonymous> (D:\GreenBean\backend\src\middleware\validate.ts:9:13)
    at Layer.handleRequest (D:\GreenBean\backend\node_modules\router\lib\layer.js:152:17)
    at next (D:\GreenBean\backend\node_modules\router\lib\route.js:157:13)
    at Route.dispatch (D:\GreenBean\backend\node_modules\router\lib\route.js:117:3)
    at handle (D:\GreenBean\backend\node_modules\router\index.js:435:11)
    at Layer.handleRequest (D:\GreenBean\backend\node_modules\router\lib\layer.js:152:17)
    at D:\GreenBean\backend\node_modules\router\index.js:295:15
    at processParams (D:\GreenBean\backend\node_modules\router\index.js:582:12)
    at next (D:\GreenBean\backend\node_modules\router\index.js:291:5)
    at requireAuth (D:\GreenBean\backend\src\middleware\auth.ts:55:5)
TypeError: Cannot set property query of #<IncomingMessage> which has only a getter
    at <anonymous> (D:\GreenBean\backend\src\middleware\validate.ts:9:13)
    at Layer.handleRequest (D:\GreenBean\backend\node_modules\router\lib\layer.js:152:17)
    at next (D:\GreenBean\backend\node_modules\router\lib\route.js:157:13)
    at Route.dispatch (D:\GreenBean\backend\node_modules\router\lib\route.js:117:3)
    at handle (D:\GreenBean\backend\node_modules\router\index.js:435:11)
    at Layer.handleRequest (D:\GreenBean\backend\node_modules\router\lib\layer.js:152:17)
    at D:\GreenBean\backend\node_modules\router\index.js:295:15
    at processParams (D:\GreenBean\backend\node_modules\router\index.js:582:12)
    at next (D:\GreenBean\backend\node_modules\router\index.js:291:5)
    at requireAuth (D:\GreenBean\backend\src\middleware\auth.ts:55:5)
PrismaClientKnownRequestError: 
Invalid `prisma.userChallenge.findMany()` invocation in
D:\GreenBean\backend\src\routes\user-challenges.routes.ts:35:46

  32 userChallengeRouter.get(
  33   "/",
  34   asyncHandler(async (req, res) => {
→ 35     const items = await prisma.userChallenge.findMany(
Can't reach database server at `zephyr.proxy.rlwy.net:41375`

Please make sure your database server is running at `zephyr.proxy.rlwy.net:41375`.
    at ei.handleRequestError (D:\GreenBean\backend\node_modules\@prisma\client\src\runtime\RequestHandler.ts:228:13)
    at ei.handleAndLogRequestError (D:\GreenBean\backend\node_modules\@prisma\client\src\runtime\RequestHandler.ts:174:12)
    at ei.request (D:\GreenBean\backend\node_modules\@prisma\client\src\runtime\RequestHandler.ts:143:12)
    at async a (D:\GreenBean\backend\node_modules\@prisma\client\src\runtime\getPrismaClient.ts:833:24)
    at async <anonymous> (D:\GreenBean\backend\src\routes\user-challenges.routes.ts:35:19) {
  code: 'P1001',
  meta: {
    modelName: 'UserChallenge',
    database_location: 'zephyr.proxy.rlwy.net:41375'
  },
  clientVersion: '6.19.3'
}
