TypeError: Cannot set property query of #<IncomingMessage> which has only a getter
    at <anonymous> (D:\GreenBean\backend\src\middleware\validate.ts:9:13)
    at Layer.handleRequest (D:\GreenBean\backend\node_modules\router\lib\layer.js:152:17)
    at next (D:\GreenBean\backend\node_modules\router\lib\route.js:157:13)
    at Route.dispatch (D:\GreenBean\backend\node_modules\router\lib\route.js:117:3)
    at handle (D:\GreenBean\backend\node_modules\router\index.js:435:11)
    at Layer.handleRequest (D:\GreenBean\backend\node_modules\router\lib\layer.js:152:17)
    at D:\GreenBean\backend\node_modules\router\index.js:295:15
    at processParams (D:\GreenBean\backend\node_modules\router\index.js:582:12)
    at next (D:\GreenBean\backend\node_modules\router\index.js:291:5)
    at requireAuth (D:\GreenBean\backend\src\middleware\auth.ts:55:5)
TypeError: Cannot set property query of #<IncomingMessage> which has only a getter
    at <anonymous> (D:\GreenBean\backend\src\middleware\validate.ts:9:13)
    at Layer.handleRequest (D:\GreenBean\backend\node_modules\router\lib\layer.js:152:17)
    at next (D:\GreenBean\backend\node_modules\router\lib\route.js:157:13)
    at Route.dispatch (D:\GreenBean\backend\node_modules\router\lib\route.js:117:3)
    at handle (D:\GreenBean\backend\node_modules\router\index.js:435:11)
    at Layer.handleRequest (D:\GreenBean\backend\node_modules\router\lib\layer.js:152:17)
    at D:\GreenBean\backend\node_modules\router\index.js:295:15
    at processParams (D:\GreenBean\backend\node_modules\router\index.js:582:12)
    at next (D:\GreenBean\backend\node_modules\router\index.js:291:5)
    at router.handle (D:\GreenBean\backend\node_modules\router\index.js:186:3)
